// Jest Snapshot v1, https://goo.gl/fbAQLP

exports[`SimpleNavbar renders correctly with default 1`] = `
<nav
  className="navbar navbar-fixed-top navbar-inverse"
  css={
    [
      {
        "map": undefined,
        "name": "vr34r6",
        "next": undefined,
        "styles": "
    .navbar-header {
        float: left !important;
    }

    .collapse.navbar-collapse {
        display: block !important;
    }
    .navbar-nav > li,
    .navbar-nav {
        float: left !important;
    }

    .navbar-nav.navbar-right:last-child {
        margin-right: -15px !important;
    }

    .navbar-right {
        float: right !important;
    }
",
        "toString": [Function],
      },
      false,
      undefined,
    ]
  }
>
  <div
    className="container"
  >
    <div
      className="navbar-header"
    >
      <a
        className="navbar-brand"
        href="https://www.dashdoc.eu/"
      >
        <img
          src="undefinedimg/logo-dashdoc-white.png"
        />
      </a>
    </div>
  </div>
</nav>
`;
